
  .   ____          _            __ _ _
 /\\ / ___'_ __ _ _(_)_ __  __ _ \ \ \ \
( ( )\___ | '_ | '_| | '_ \/ _` | \ \ \ \
 \\/  ___)| |_)| | | | | || (_| |  ) ) ) )
  '  |____| .__|_| |_|_| |_\__, | / / / /
 =========|_|==============|___/=/_/_/_/

 :: Spring Boot ::               (v3.5.11)

2026-05-16T14:53:17.172+03:00  INFO 25620 --- [backend] [           main] com.oct.backend.BackendApplication       : Starting BackendApplication v0.0.1-SNAPSHOT using Java 21.0.11 with PID 25620 (F:\OCT-Platform\backend\backend\target\backend-0.0.1-SNAPSHOT.jar started by mahmoods in F:\OCT-Platform\backend\backend)
2026-05-16T14:53:17.174+03:00  INFO 25620 --- [backend] [           main] com.oct.backend.BackendApplication       : No active profile set, falling back to 1 default profile: "default"
2026-05-16T14:53:17.714+03:00  INFO 25620 --- [backend] [           main] .s.d.r.c.RepositoryConfigurationDelegate : Bootstrapping Spring Data JPA repositories in DEFAULT mode.
2026-05-16T14:53:17.750+03:00  INFO 25620 --- [backend] [           main] .s.d.r.c.RepositoryConfigurationDelegate : Finished Spring Data repository scanning in 31 ms. Found 4 JPA repository interfaces.
2026-05-16T14:53:18.167+03:00  INFO 25620 --- [backend] [           main] o.s.b.w.embedded.tomcat.TomcatWebServer  : Tomcat initialized with port 9000 (http)
2026-05-16T14:53:18.183+03:00  INFO 25620 --- [backend] [           main] o.apache.catalina.core.StandardService   : Starting service [Tomcat]
2026-05-16T14:53:18.183+03:00  INFO 25620 --- [backend] [           main] o.apache.catalina.core.StandardEngine    : Starting Servlet engine: [Apache Tomcat/10.1.52]
2026-05-16T14:53:18.199+03:00  INFO 25620 --- [backend] [           main] o.a.c.c.C.[Tomcat].[localhost].[/]       : Initializing Spring embedded WebApplicationContext
2026-05-16T14:53:18.199+03:00  INFO 25620 --- [backend] [           main] w.s.c.ServletWebServerApplicationContext : Root WebApplicationContext: initialization completed in 993 ms
2026-05-16T14:53:18.353+03:00  INFO 25620 --- [backend] [           main] o.hibernate.jpa.internal.util.LogHelper  : HHH000204: Processing PersistenceUnitInfo [name: default]
2026-05-16T14:53:18.388+03:00  INFO 25620 --- [backend] [           main] org.hibernate.Version                    : HHH000412: Hibernate ORM core version 6.6.42.Final
2026-05-16T14:53:18.402+03:00  INFO 25620 --- [backend] [           main] o.h.c.internal.RegionFactoryInitiator    : HHH000026: Second-level cache disabled
2026-05-16T14:53:18.583+03:00  INFO 25620 --- [backend] [           main] o.s.o.j.p.SpringPersistenceUnitInfo      : No LoadTimeWeaver setup: ignoring JPA class transformer
2026-05-16T14:53:18.610+03:00  INFO 25620 --- [backend] [           main] com.zaxxer.hikari.HikariDataSource       : HikariPool-1 - Starting...
2026-05-16T14:53:18.798+03:00  INFO 25620 --- [backend] [           main] com.zaxxer.hikari.pool.HikariPool        : HikariPool-1 - Added connection org.postgresql.jdbc.PgConnection@76b305e1
2026-05-16T14:53:18.798+03:00  INFO 25620 --- [backend] [           main] com.zaxxer.hikari.HikariDataSource       : HikariPool-1 - Start completed.
2026-05-16T14:53:18.844+03:00  INFO 25620 --- [backend] [           main] org.hibernate.orm.connections.pooling    : HHH10001005: Database info:
	Database JDBC URL [Connecting through datasource 'HikariDataSource (HikariPool-1)']
	Database driver: undefined/unknown
	Database version: 16.14
	Autocommit mode: undefined/unknown
	Isolation level: undefined/unknown
	Minimum pool size: undefined/unknown
	Maximum pool size: undefined/unknown
2026-05-16T14:53:19.321+03:00  INFO 25620 --- [backend] [           main] o.h.e.t.j.p.i.JtaPlatformInitiator       : HHH000489: No JTA platform available (set 'hibernate.transaction.jta.platform' to enable JTA platform integration)
2026-05-16T14:53:19.340+03:00  INFO 25620 --- [backend] [           main] j.LocalContainerEntityManagerFactoryBean : Initialized JPA EntityManagerFactory for persistence unit 'default'
2026-05-16T14:53:19.594+03:00  WARN 25620 --- [backend] [           main] JpaBaseConfiguration$JpaWebConfiguration : spring.jpa.open-in-view is enabled by default. Therefore, database queries may be performed during view rendering. Explicitly configure spring.jpa.open-in-view to disable this warning
2026-05-16T14:53:19.768+03:00  WARN 25620 --- [backend] [           main] .s.s.UserDetailsServiceAutoConfiguration : 

Using generated security password: 9caf24a4-ea5d-4cb1-ae9f-ef99ef827b71

This generated password is for development use only. Your security configuration must be updated before running your application in production.

2026-05-16T14:53:19.777+03:00  INFO 25620 --- [backend] [           main] r$InitializeUserDetailsManagerConfigurer : Global AuthenticationManager configured with UserDetailsService bean with name inMemoryUserDetailsManager
2026-05-16T14:53:20.083+03:00  INFO 25620 --- [backend] [           main] o.s.b.w.embedded.tomcat.TomcatWebServer  : Tomcat started on port 9000 (http) with context path '/'
2026-05-16T14:53:20.083+03:00  INFO 25620 --- [backend] [           main] com.oct.backend.BackendApplication       : Started BackendApplication in 3.234 seconds (process running for 3.626)
Hibernate: select u1_0.id,u1_0.banned,u1_0.created_at,u1_0.email,u1_0.id_document,u1_0.name,u1_0.online,u1_0.password,u1_0.practice_license,u1_0.role,u1_0.specialty_certificate,u1_0.status from users u1_0 where u1_0.role=?
2026-05-16T14:53:30.342+03:00  INFO 25620 --- [backend] [nio-9000-exec-3] o.a.c.c.C.[Tomcat].[localhost].[/]       : Initializing Spring DispatcherServlet 'dispatcherServlet'
2026-05-16T14:53:30.342+03:00  INFO 25620 --- [backend] [nio-9000-exec-3] o.s.web.servlet.DispatcherServlet        : Initializing Servlet 'dispatcherServlet'
2026-05-16T14:53:30.342+03:00  INFO 25620 --- [backend] [nio-9000-exec-3] o.s.web.servlet.DispatcherServlet        : Completed initialization in 0 ms
Hibernate: select u1_0.id,u1_0.banned,u1_0.created_at,u1_0.email,u1_0.id_document,u1_0.name,u1_0.online,u1_0.password,u1_0.practice_license,u1_0.role,u1_0.specialty_certificate,u1_0.status from users u1_0 where u1_0.email=?
Hibernate: select u1_0.id,u1_0.banned,u1_0.created_at,u1_0.email,u1_0.id_document,u1_0.name,u1_0.online,u1_0.password,u1_0.practice_license,u1_0.role,u1_0.specialty_certificate,u1_0.status from users u1_0 where u1_0.id=?
Hibernate: update users set banned=?,created_at=?,email=?,id_document=?,name=?,online=?,password=?,practice_license=?,role=?,specialty_certificate=?,status=? where id=?
Hibernate: select u1_0.id,u1_0.banned,u1_0.created_at,u1_0.email,u1_0.id_document,u1_0.name,u1_0.online,u1_0.password,u1_0.practice_license,u1_0.role,u1_0.specialty_certificate,u1_0.status from users u1_0 where u1_0.id=?
Hibernate: update users set banned=?,created_at=?,email=?,id_document=?,name=?,online=?,password=?,practice_license=?,role=?,specialty_certificate=?,status=? where id=?
Hibernate: select u1_0.id,u1_0.banned,u1_0.created_at,u1_0.email,u1_0.id_document,u1_0.name,u1_0.online,u1_0.password,u1_0.practice_license,u1_0.role,u1_0.specialty_certificate,u1_0.status from users u1_0 where u1_0.id=?
Hibernate: update users set banned=?,created_at=?,email=?,id_document=?,name=?,online=?,password=?,practice_license=?,role=?,specialty_certificate=?,status=? where id=?
Hibernate: select u1_0.id,u1_0.banned,u1_0.created_at,u1_0.email,u1_0.id_document,u1_0.name,u1_0.online,u1_0.password,u1_0.practice_license,u1_0.role,u1_0.specialty_certificate,u1_0.status from users u1_0 where u1_0.id=?
Hibernate: update users set banned=?,created_at=?,email=?,id_document=?,name=?,online=?,password=?,practice_license=?,role=?,specialty_certificate=?,status=? where id=?
Hibernate: select u1_0.id,u1_0.banned,u1_0.created_at,u1_0.email,u1_0.id_document,u1_0.name,u1_0.online,u1_0.password,u1_0.practice_license,u1_0.role,u1_0.specialty_certificate,u1_0.status from users u1_0 where u1_0.id=?
Hibernate: update users set banned=?,created_at=?,email=?,id_document=?,name=?,online=?,password=?,practice_license=?,role=?,specialty_certificate=?,status=? where id=?
Hibernate: select u1_0.id,u1_0.banned,u1_0.created_at,u1_0.email,u1_0.id_document,u1_0.name,u1_0.online,u1_0.password,u1_0.practice_license,u1_0.role,u1_0.specialty_certificate,u1_0.status from users u1_0 where u1_0.id=?
Hibernate: update users set banned=?,created_at=?,email=?,id_document=?,name=?,online=?,password=?,practice_license=?,role=?,specialty_certificate=?,status=? where id=?
Hibernate: select u1_0.id,u1_0.banned,u1_0.created_at,u1_0.email,u1_0.id_document,u1_0.name,u1_0.online,u1_0.password,u1_0.practice_license,u1_0.role,u1_0.specialty_certificate,u1_0.status from users u1_0 where u1_0.id=?
Hibernate: update users set banned=?,created_at=?,email=?,id_document=?,name=?,online=?,password=?,practice_license=?,role=?,specialty_certificate=?,status=? where id=?
Hibernate: select u1_0.id,u1_0.banned,u1_0.created_at,u1_0.email,u1_0.id_document,u1_0.name,u1_0.online,u1_0.password,u1_0.practice_license,u1_0.role,u1_0.specialty_certificate,u1_0.status from users u1_0 where u1_0.id=?
Hibernate: select u1_0.id,u1_0.banned,u1_0.created_at,u1_0.email,u1_0.id_document,u1_0.name,u1_0.online,u1_0.password,u1_0.practice_license,u1_0.role,u1_0.specialty_certificate,u1_0.status from users u1_0 where u1_0.id=?
Hibernate: select u1_0.id,u1_0.banned,u1_0.created_at,u1_0.email,u1_0.id_document,u1_0.name,u1_0.online,u1_0.password,u1_0.practice_license,u1_0.role,u1_0.specialty_certificate,u1_0.status from users u1_0 where u1_0.id=?
Hibernate: update users set banned=?,created_at=?,email=?,id_document=?,name=?,online=?,password=?,practice_license=?,role=?,specialty_certificate=?,status=? where id=?
Hibernate: select u1_0.id,u1_0.banned,u1_0.created_at,u1_0.email,u1_0.id_document,u1_0.name,u1_0.online,u1_0.password,u1_0.practice_license,u1_0.role,u1_0.specialty_certificate,u1_0.status from users u1_0 where u1_0.email=?
Hibernate: select u1_0.id,u1_0.banned,u1_0.created_at,u1_0.email,u1_0.id_document,u1_0.name,u1_0.online,u1_0.password,u1_0.practice_license,u1_0.role,u1_0.specialty_certificate,u1_0.status from users u1_0 where u1_0.id=?
Hibernate: update users set banned=?,created_at=?,email=?,id_document=?,name=?,online=?,password=?,practice_license=?,role=?,specialty_certificate=?,status=? where id=?
Hibernate: select count(u1_0.id) from users u1_0 where u1_0.role=?
Hibernate: select count(u1_0.id) from users u1_0 where u1_0.role=?
Hibernate: select count(u1_0.id) from users u1_0 where u1_0.role=? and u1_0.status=?
Hibernate: select count(*) from reports r1_0
Hibernate: select c1_0.id,c1_0.created_at,c1_0.reason,c1_0.reporter_id,c1_0.status,c1_0.target_user_id from complaints c1_0
Hibernate: select count(u1_0.id) from users u1_0 where u1_0.role=?
Hibernate: select count(u1_0.id) from users u1_0 where u1_0.role=?
Hibernate: select count(u1_0.id) from users u1_0 where u1_0.role=? and u1_0.status=?
Hibernate: select count(*) from reports r1_0
Hibernate: select c1_0.id,c1_0.created_at,c1_0.reason,c1_0.reporter_id,c1_0.status,c1_0.target_user_id from complaints c1_0
Hibernate: select r1_0.id,r1_0.confidence,r1_0.created_at,r1_0.diagnosis,r1_0.doctor_id,r1_0.image_data,r1_0.patient_id,r1_0.recommendation,r1_0.status,r1_0.type from reports r1_0 order by r1_0.created_at desc
Hibernate: select r1_0.id,r1_0.confidence,r1_0.created_at,r1_0.diagnosis,r1_0.doctor_id,r1_0.image_data,r1_0.patient_id,r1_0.recommendation,r1_0.status,r1_0.type from reports r1_0 order by r1_0.created_at desc
Hibernate: select u1_0.id,u1_0.banned,u1_0.created_at,u1_0.email,u1_0.id_document,u1_0.name,u1_0.online,u1_0.password,u1_0.practice_license,u1_0.role,u1_0.specialty_certificate,u1_0.status from users u1_0
Hibernate: select u1_0.id,u1_0.banned,u1_0.created_at,u1_0.email,u1_0.id_document,u1_0.name,u1_0.online,u1_0.password,u1_0.practice_license,u1_0.role,u1_0.specialty_certificate,u1_0.status from users u1_0
Hibernate: select c1_0.id,c1_0.created_at,c1_0.reason,c1_0.reporter_id,c1_0.status,c1_0.target_user_id from complaints c1_0 order by c1_0.created_at desc
Hibernate: select c1_0.id,c1_0.created_at,c1_0.reason,c1_0.reporter_id,c1_0.status,c1_0.target_user_id from complaints c1_0 order by c1_0.created_at desc
Hibernate: select u1_0.id,u1_0.banned,u1_0.created_at,u1_0.email,u1_0.id_document,u1_0.name,u1_0.online,u1_0.password,u1_0.practice_license,u1_0.role,u1_0.specialty_certificate,u1_0.status from users u1_0
Hibernate: select u1_0.id,u1_0.banned,u1_0.created_at,u1_0.email,u1_0.id_document,u1_0.name,u1_0.online,u1_0.password,u1_0.practice_license,u1_0.role,u1_0.specialty_certificate,u1_0.status from users u1_0
Hibernate: select count(u1_0.id) from users u1_0 where u1_0.role=?
Hibernate: select count(u1_0.id) from users u1_0 where u1_0.role=?
Hibernate: select count(u1_0.id) from users u1_0 where u1_0.role=? and u1_0.status=?
Hibernate: select count(*) from reports r1_0
Hibernate: select c1_0.id,c1_0.created_at,c1_0.reason,c1_0.reporter_id,c1_0.status,c1_0.target_user_id from complaints c1_0
Hibernate: select count(u1_0.id) from users u1_0 where u1_0.role=?
Hibernate: select count(u1_0.id) from users u1_0 where u1_0.role=?
Hibernate: select count(u1_0.id) from users u1_0 where u1_0.role=? and u1_0.status=?
Hibernate: select count(*) from reports r1_0
Hibernate: select c1_0.id,c1_0.created_at,c1_0.reason,c1_0.reporter_id,c1_0.status,c1_0.target_user_id from complaints c1_0
Hibernate: select u1_0.id,u1_0.banned,u1_0.created_at,u1_0.email,u1_0.id_document,u1_0.name,u1_0.online,u1_0.password,u1_0.practice_license,u1_0.role,u1_0.specialty_certificate,u1_0.status from users u1_0
Hibernate: select u1_0.id,u1_0.banned,u1_0.created_at,u1_0.email,u1_0.id_document,u1_0.name,u1_0.online,u1_0.password,u1_0.practice_license,u1_0.role,u1_0.specialty_certificate,u1_0.status from users u1_0
Hibernate: select r1_0.id,r1_0.confidence,r1_0.created_at,r1_0.diagnosis,r1_0.doctor_id,r1_0.image_data,r1_0.patient_id,r1_0.recommendation,r1_0.status,r1_0.type from reports r1_0 order by r1_0.created_at desc
Hibernate: select r1_0.id,r1_0.confidence,r1_0.created_at,r1_0.diagnosis,r1_0.doctor_id,r1_0.image_data,r1_0.patient_id,r1_0.recommendation,r1_0.status,r1_0.type from reports r1_0 order by r1_0.created_at desc
Hibernate: select u1_0.id,u1_0.banned,u1_0.created_at,u1_0.email,u1_0.id_document,u1_0.name,u1_0.online,u1_0.password,u1_0.practice_license,u1_0.role,u1_0.specialty_certificate,u1_0.status from users u1_0
Hibernate: select u1_0.id,u1_0.banned,u1_0.created_at,u1_0.email,u1_0.id_document,u1_0.name,u1_0.online,u1_0.password,u1_0.practice_license,u1_0.role,u1_0.specialty_certificate,u1_0.status from users u1_0
Hibernate: select r1_0.id,r1_0.confidence,r1_0.created_at,r1_0.diagnosis,r1_0.doctor_id,r1_0.image_data,r1_0.patient_id,r1_0.recommendation,r1_0.status,r1_0.type from reports r1_0 order by r1_0.created_at desc
Hibernate: select r1_0.id,r1_0.confidence,r1_0.created_at,r1_0.diagnosis,r1_0.doctor_id,r1_0.image_data,r1_0.patient_id,r1_0.recommendation,r1_0.status,r1_0.type from reports r1_0 order by r1_0.created_at desc
Hibernate: select count(u1_0.id) from users u1_0 where u1_0.role=?
Hibernate: select count(u1_0.id) from users u1_0 where u1_0.role=?
Hibernate: select count(u1_0.id) from users u1_0 where u1_0.role=? and u1_0.status=?
Hibernate: select count(*) from reports r1_0
Hibernate: select c1_0.id,c1_0.created_at,c1_0.reason,c1_0.reporter_id,c1_0.status,c1_0.target_user_id from complaints c1_0
Hibernate: select count(u1_0.id) from users u1_0 where u1_0.role=?
Hibernate: select count(u1_0.id) from users u1_0 where u1_0.role=?
Hibernate: select count(u1_0.id) from users u1_0 where u1_0.role=? and u1_0.status=?
Hibernate: select count(*) from reports r1_0
Hibernate: select c1_0.id,c1_0.created_at,c1_0.reason,c1_0.reporter_id,c1_0.status,c1_0.target_user_id from complaints c1_0
Hibernate: select u1_0.id,u1_0.banned,u1_0.created_at,u1_0.email,u1_0.id_document,u1_0.name,u1_0.online,u1_0.password,u1_0.practice_license,u1_0.role,u1_0.specialty_certificate,u1_0.status from users u1_0
Hibernate: select u1_0.id,u1_0.banned,u1_0.created_at,u1_0.email,u1_0.id_document,u1_0.name,u1_0.online,u1_0.password,u1_0.practice_license,u1_0.role,u1_0.specialty_certificate,u1_0.status from users u1_0
Hibernate: select r1_0.id,r1_0.confidence,r1_0.created_at,r1_0.diagnosis,r1_0.doctor_id,r1_0.image_data,r1_0.patient_id,r1_0.recommendation,r1_0.status,r1_0.type from reports r1_0 order by r1_0.created_at desc
Hibernate: select r1_0.id,r1_0.confidence,r1_0.created_at,r1_0.diagnosis,r1_0.doctor_id,r1_0.image_data,r1_0.patient_id,r1_0.recommendation,r1_0.status,r1_0.type from reports r1_0 order by r1_0.created_at desc
Hibernate: select c1_0.id,c1_0.created_at,c1_0.reason,c1_0.reporter_id,c1_0.status,c1_0.target_user_id from complaints c1_0 order by c1_0.created_at desc
Hibernate: select c1_0.id,c1_0.created_at,c1_0.reason,c1_0.reporter_id,c1_0.status,c1_0.target_user_id from complaints c1_0 order by c1_0.created_at desc
Hibernate: select u1_0.id,u1_0.banned,u1_0.created_at,u1_0.email,u1_0.id_document,u1_0.name,u1_0.online,u1_0.password,u1_0.practice_license,u1_0.role,u1_0.specialty_certificate,u1_0.status from users u1_0
Hibernate: select u1_0.id,u1_0.banned,u1_0.created_at,u1_0.email,u1_0.id_document,u1_0.name,u1_0.online,u1_0.password,u1_0.practice_license,u1_0.role,u1_0.specialty_certificate,u1_0.status from users u1_0
Hibernate: select r1_0.id,r1_0.confidence,r1_0.created_at,r1_0.diagnosis,r1_0.doctor_id,r1_0.image_data,r1_0.patient_id,r1_0.recommendation,r1_0.status,r1_0.type from reports r1_0 order by r1_0.created_at desc
Hibernate: select r1_0.id,r1_0.confidence,r1_0.created_at,r1_0.diagnosis,r1_0.doctor_id,r1_0.image_data,r1_0.patient_id,r1_0.recommendation,r1_0.status,r1_0.type from reports r1_0 order by r1_0.created_at desc
Hibernate: select c1_0.id,c1_0.created_at,c1_0.reason,c1_0.reporter_id,c1_0.status,c1_0.target_user_id from complaints c1_0 order by c1_0.created_at desc
Hibernate: select c1_0.id,c1_0.created_at,c1_0.reason,c1_0.reporter_id,c1_0.status,c1_0.target_user_id from complaints c1_0 order by c1_0.created_at desc
Hibernate: select u1_0.id,u1_0.banned,u1_0.created_at,u1_0.email,u1_0.id_document,u1_0.name,u1_0.online,u1_0.password,u1_0.practice_license,u1_0.role,u1_0.specialty_certificate,u1_0.status from users u1_0
Hibernate: select u1_0.id,u1_0.banned,u1_0.created_at,u1_0.email,u1_0.id_document,u1_0.name,u1_0.online,u1_0.password,u1_0.practice_license,u1_0.role,u1_0.specialty_certificate,u1_0.status from users u1_0
Hibernate: select count(u1_0.id) from users u1_0 where u1_0.role=?
Hibernate: select count(u1_0.id) from users u1_0 where u1_0.role=?
Hibernate: select count(u1_0.id) from users u1_0 where u1_0.role=? and u1_0.status=?
Hibernate: select count(*) from reports r1_0
Hibernate: select c1_0.id,c1_0.created_at,c1_0.reason,c1_0.reporter_id,c1_0.status,c1_0.target_user_id from complaints c1_0
Hibernate: select count(u1_0.id) from users u1_0 where u1_0.role=?
Hibernate: select count(u1_0.id) from users u1_0 where u1_0.role=?
Hibernate: select count(u1_0.id) from users u1_0 where u1_0.role=? and u1_0.status=?
Hibernate: select count(*) from reports r1_0
Hibernate: select c1_0.id,c1_0.created_at,c1_0.reason,c1_0.reporter_id,c1_0.status,c1_0.target_user_id from complaints c1_0
Hibernate: select u1_0.id,u1_0.banned,u1_0.created_at,u1_0.email,u1_0.id_document,u1_0.name,u1_0.online,u1_0.password,u1_0.practice_license,u1_0.role,u1_0.specialty_certificate,u1_0.status from users u1_0
Hibernate: select u1_0.id,u1_0.banned,u1_0.created_at,u1_0.email,u1_0.id_document,u1_0.name,u1_0.online,u1_0.password,u1_0.practice_license,u1_0.role,u1_0.specialty_certificate,u1_0.status from users u1_0
Hibernate: select r1_0.id,r1_0.confidence,r1_0.created_at,r1_0.diagnosis,r1_0.doctor_id,r1_0.image_data,r1_0.patient_id,r1_0.recommendation,r1_0.status,r1_0.type from reports r1_0 order by r1_0.created_at desc
Hibernate: select r1_0.id,r1_0.confidence,r1_0.created_at,r1_0.diagnosis,r1_0.doctor_id,r1_0.image_data,r1_0.patient_id,r1_0.recommendation,r1_0.status,r1_0.type from reports r1_0 order by r1_0.created_at desc
Hibernate: select u1_0.id,u1_0.banned,u1_0.created_at,u1_0.email,u1_0.id_document,u1_0.name,u1_0.online,u1_0.password,u1_0.practice_license,u1_0.role,u1_0.specialty_certificate,u1_0.status from users u1_0
Hibernate: select u1_0.id,u1_0.banned,u1_0.created_at,u1_0.email,u1_0.id_document,u1_0.name,u1_0.online,u1_0.password,u1_0.practice_license,u1_0.role,u1_0.specialty_certificate,u1_0.status from users u1_0
Hibernate: select c1_0.id,c1_0.created_at,c1_0.reason,c1_0.reporter_id,c1_0.status,c1_0.target_user_id from complaints c1_0 order by c1_0.created_at desc
Hibernate: select c1_0.id,c1_0.created_at,c1_0.reason,c1_0.reporter_id,c1_0.status,c1_0.target_user_id from complaints c1_0 order by c1_0.created_at desc
Hibernate: select r1_0.id,r1_0.confidence,r1_0.created_at,r1_0.diagnosis,r1_0.doctor_id,r1_0.image_data,r1_0.patient_id,r1_0.recommendation,r1_0.status,r1_0.type from reports r1_0 order by r1_0.created_at desc
Hibernate: select r1_0.id,r1_0.confidence,r1_0.created_at,r1_0.diagnosis,r1_0.doctor_id,r1_0.image_data,r1_0.patient_id,r1_0.recommendation,r1_0.status,r1_0.type from reports r1_0 order by r1_0.created_at desc
Hibernate: select u1_0.id,u1_0.banned,u1_0.created_at,u1_0.email,u1_0.id_document,u1_0.name,u1_0.online,u1_0.password,u1_0.practice_license,u1_0.role,u1_0.specialty_certificate,u1_0.status from users u1_0
Hibernate: select u1_0.id,u1_0.banned,u1_0.created_at,u1_0.email,u1_0.id_document,u1_0.name,u1_0.online,u1_0.password,u1_0.practice_license,u1_0.role,u1_0.specialty_certificate,u1_0.status from users u1_0
Hibernate: select r1_0.id,r1_0.confidence,r1_0.created_at,r1_0.diagnosis,r1_0.doctor_id,r1_0.image_data,r1_0.patient_id,r1_0.recommendation,r1_0.status,r1_0.type from reports r1_0 order by r1_0.created_at desc
Hibernate: select r1_0.id,r1_0.confidence,r1_0.created_at,r1_0.diagnosis,r1_0.doctor_id,r1_0.image_data,r1_0.patient_id,r1_0.recommendation,r1_0.status,r1_0.type from reports r1_0 order by r1_0.created_at desc
Hibernate: select u1_0.id,u1_0.banned,u1_0.created_at,u1_0.email,u1_0.id_document,u1_0.name,u1_0.online,u1_0.password,u1_0.practice_license,u1_0.role,u1_0.specialty_certificate,u1_0.status from users u1_0
Hibernate: select u1_0.id,u1_0.banned,u1_0.created_at,u1_0.email,u1_0.id_document,u1_0.name,u1_0.online,u1_0.password,u1_0.practice_license,u1_0.role,u1_0.specialty_certificate,u1_0.status from users u1_0
Hibernate: select c1_0.id,c1_0.created_at,c1_0.reason,c1_0.reporter_id,c1_0.status,c1_0.target_user_id from complaints c1_0 order by c1_0.created_at desc
Hibernate: select c1_0.id,c1_0.created_at,c1_0.reason,c1_0.reporter_id,c1_0.status,c1_0.target_user_id from complaints c1_0 order by c1_0.created_at desc
Hibernate: select count(u1_0.id) from users u1_0 where u1_0.role=?
Hibernate: select count(u1_0.id) from users u1_0 where u1_0.role=?
Hibernate: select count(u1_0.id) from users u1_0 where u1_0.role=? and u1_0.status=?
Hibernate: select count(*) from reports r1_0
Hibernate: select c1_0.id,c1_0.created_at,c1_0.reason,c1_0.reporter_id,c1_0.status,c1_0.target_user_id from complaints c1_0
Hibernate: select count(u1_0.id) from users u1_0 where u1_0.role=?
Hibernate: select count(u1_0.id) from users u1_0 where u1_0.role=?
Hibernate: select count(u1_0.id) from users u1_0 where u1_0.role=? and u1_0.status=?
Hibernate: select count(*) from reports r1_0
Hibernate: select c1_0.id,c1_0.created_at,c1_0.reason,c1_0.reporter_id,c1_0.status,c1_0.target_user_id from complaints c1_0
Hibernate: select u1_0.id,u1_0.banned,u1_0.created_at,u1_0.email,u1_0.id_document,u1_0.name,u1_0.online,u1_0.password,u1_0.practice_license,u1_0.role,u1_0.specialty_certificate,u1_0.status from users u1_0
Hibernate: select u1_0.id,u1_0.banned,u1_0.created_at,u1_0.email,u1_0.id_document,u1_0.name,u1_0.online,u1_0.password,u1_0.practice_license,u1_0.role,u1_0.specialty_certificate,u1_0.status from users u1_0
Hibernate: select count(u1_0.id) from users u1_0 where u1_0.role=?
Hibernate: select count(u1_0.id) from users u1_0 where u1_0.role=?
Hibernate: select count(u1_0.id) from users u1_0 where u1_0.role=? and u1_0.status=?
Hibernate: select count(*) from reports r1_0
Hibernate: select c1_0.id,c1_0.created_at,c1_0.reason,c1_0.reporter_id,c1_0.status,c1_0.target_user_id from complaints c1_0
Hibernate: select count(u1_0.id) from users u1_0 where u1_0.role=?
Hibernate: select count(u1_0.id) from users u1_0 where u1_0.role=?
Hibernate: select count(u1_0.id) from users u1_0 where u1_0.role=? and u1_0.status=?
Hibernate: select count(*) from reports r1_0
Hibernate: select c1_0.id,c1_0.created_at,c1_0.reason,c1_0.reporter_id,c1_0.status,c1_0.target_user_id from complaints c1_0
Hibernate: select u1_0.id,u1_0.banned,u1_0.created_at,u1_0.email,u1_0.id_document,u1_0.name,u1_0.online,u1_0.password,u1_0.practice_license,u1_0.role,u1_0.specialty_certificate,u1_0.status from users u1_0
Hibernate: select u1_0.id,u1_0.banned,u1_0.created_at,u1_0.email,u1_0.id_document,u1_0.name,u1_0.online,u1_0.password,u1_0.practice_license,u1_0.role,u1_0.specialty_certificate,u1_0.status from users u1_0
Hibernate: select r1_0.id,r1_0.confidence,r1_0.created_at,r1_0.diagnosis,r1_0.doctor_id,r1_0.image_data,r1_0.patient_id,r1_0.recommendation,r1_0.status,r1_0.type from reports r1_0 order by r1_0.created_at desc
Hibernate: select r1_0.id,r1_0.confidence,r1_0.created_at,r1_0.diagnosis,r1_0.doctor_id,r1_0.image_data,r1_0.patient_id,r1_0.recommendation,r1_0.status,r1_0.type from reports r1_0 order by r1_0.created_at desc
Hibernate: select c1_0.id,c1_0.created_at,c1_0.reason,c1_0.reporter_id,c1_0.status,c1_0.target_user_id from complaints c1_0 order by c1_0.created_at desc
Hibernate: select c1_0.id,c1_0.created_at,c1_0.reason,c1_0.reporter_id,c1_0.status,c1_0.target_user_id from complaints c1_0 order by c1_0.created_at desc
Hibernate: select r1_0.id,r1_0.confidence,r1_0.created_at,r1_0.diagnosis,r1_0.doctor_id,r1_0.image_data,r1_0.patient_id,r1_0.recommendation,r1_0.status,r1_0.type from reports r1_0 order by r1_0.created_at desc
Hibernate: select r1_0.id,r1_0.confidence,r1_0.created_at,r1_0.diagnosis,r1_0.doctor_id,r1_0.image_data,r1_0.patient_id,r1_0.recommendation,r1_0.status,r1_0.type from reports r1_0 order by r1_0.created_at desc
Hibernate: select u1_0.id,u1_0.banned,u1_0.created_at,u1_0.email,u1_0.id_document,u1_0.name,u1_0.online,u1_0.password,u1_0.practice_license,u1_0.role,u1_0.specialty_certificate,u1_0.status from users u1_0
Hibernate: select u1_0.id,u1_0.banned,u1_0.created_at,u1_0.email,u1_0.id_document,u1_0.name,u1_0.online,u1_0.password,u1_0.practice_license,u1_0.role,u1_0.specialty_certificate,u1_0.status from users u1_0
Hibernate: select r1_0.id,r1_0.confidence,r1_0.created_at,r1_0.diagnosis,r1_0.doctor_id,r1_0.image_data,r1_0.patient_id,r1_0.recommendation,r1_0.status,r1_0.type from reports r1_0 order by r1_0.created_at desc
Hibernate: select r1_0.id,r1_0.confidence,r1_0.created_at,r1_0.diagnosis,r1_0.doctor_id,r1_0.image_data,r1_0.patient_id,r1_0.recommendation,r1_0.status,r1_0.type from reports r1_0 order by r1_0.created_at desc
Hibernate: select c1_0.id,c1_0.created_at,c1_0.reason,c1_0.reporter_id,c1_0.status,c1_0.target_user_id from complaints c1_0 order by c1_0.created_at desc
Hibernate: select c1_0.id,c1_0.created_at,c1_0.reason,c1_0.reporter_id,c1_0.status,c1_0.target_user_id from complaints c1_0 order by c1_0.created_at desc
Hibernate: select r1_0.id,r1_0.confidence,r1_0.created_at,r1_0.diagnosis,r1_0.doctor_id,r1_0.image_data,r1_0.patient_id,r1_0.recommendation,r1_0.status,r1_0.type from reports r1_0 order by r1_0.created_at desc
Hibernate: select r1_0.id,r1_0.confidence,r1_0.created_at,r1_0.diagnosis,r1_0.doctor_id,r1_0.image_data,r1_0.patient_id,r1_0.recommendation,r1_0.status,r1_0.type from reports r1_0 order by r1_0.created_at desc
Hibernate: select u1_0.id,u1_0.banned,u1_0.created_at,u1_0.email,u1_0.id_document,u1_0.name,u1_0.online,u1_0.password,u1_0.practice_license,u1_0.role,u1_0.specialty_certificate,u1_0.status from users u1_0
Hibernate: select u1_0.id,u1_0.banned,u1_0.created_at,u1_0.email,u1_0.id_document,u1_0.name,u1_0.online,u1_0.password,u1_0.practice_license,u1_0.role,u1_0.specialty_certificate,u1_0.status from users u1_0
Hibernate: select count(u1_0.id) from users u1_0 where u1_0.role=?
Hibernate: select count(u1_0.id) from users u1_0 where u1_0.role=?
Hibernate: select count(u1_0.id) from users u1_0 where u1_0.role=? and u1_0.status=?
Hibernate: select count(*) from reports r1_0
Hibernate: select c1_0.id,c1_0.created_at,c1_0.reason,c1_0.reporter_id,c1_0.status,c1_0.target_user_id from complaints c1_0
Hibernate: select count(u1_0.id) from users u1_0 where u1_0.role=?
Hibernate: select count(u1_0.id) from users u1_0 where u1_0.role=?
Hibernate: select count(u1_0.id) from users u1_0 where u1_0.role=? and u1_0.status=?
Hibernate: select count(*) from reports r1_0
Hibernate: select c1_0.id,c1_0.created_at,c1_0.reason,c1_0.reporter_id,c1_0.status,c1_0.target_user_id from complaints c1_0
Hibernate: select u1_0.id,u1_0.banned,u1_0.created_at,u1_0.email,u1_0.id_document,u1_0.name,u1_0.online,u1_0.password,u1_0.practice_license,u1_0.role,u1_0.specialty_certificate,u1_0.status from users u1_0
Hibernate: select u1_0.id,u1_0.banned,u1_0.created_at,u1_0.email,u1_0.id_document,u1_0.name,u1_0.online,u1_0.password,u1_0.practice_license,u1_0.role,u1_0.specialty_certificate,u1_0.status from users u1_0
Hibernate: select r1_0.id,r1_0.confidence,r1_0.created_at,r1_0.diagnosis,r1_0.doctor_id,r1_0.image_data,r1_0.patient_id,r1_0.recommendation,r1_0.status,r1_0.type from reports r1_0 order by r1_0.created_at desc
Hibernate: select r1_0.id,r1_0.confidence,r1_0.created_at,r1_0.diagnosis,r1_0.doctor_id,r1_0.image_data,r1_0.patient_id,r1_0.recommendation,r1_0.status,r1_0.type from reports r1_0 order by r1_0.created_at desc
Hibernate: select c1_0.id,c1_0.created_at,c1_0.reason,c1_0.reporter_id,c1_0.status,c1_0.target_user_id from complaints c1_0 order by c1_0.created_at desc
Hibernate: select c1_0.id,c1_0.created_at,c1_0.reason,c1_0.reporter_id,c1_0.status,c1_0.target_user_id from complaints c1_0 order by c1_0.created_at desc
Hibernate: select r1_0.id,r1_0.confidence,r1_0.created_at,r1_0.diagnosis,r1_0.doctor_id,r1_0.image_data,r1_0.patient_id,r1_0.recommendation,r1_0.status,r1_0.type from reports r1_0 order by r1_0.created_at desc
Hibernate: select r1_0.id,r1_0.confidence,r1_0.created_at,r1_0.diagnosis,r1_0.doctor_id,r1_0.image_data,r1_0.patient_id,r1_0.recommendation,r1_0.status,r1_0.type from reports r1_0 order by r1_0.created_at desc
Hibernate: select u1_0.id,u1_0.banned,u1_0.created_at,u1_0.email,u1_0.id_document,u1_0.name,u1_0.online,u1_0.password,u1_0.practice_license,u1_0.role,u1_0.specialty_certificate,u1_0.status from users u1_0
Hibernate: select u1_0.id,u1_0.banned,u1_0.created_at,u1_0.email,u1_0.id_document,u1_0.name,u1_0.online,u1_0.password,u1_0.practice_license,u1_0.role,u1_0.specialty_certificate,u1_0.status from users u1_0
Hibernate: select count(u1_0.id) from users u1_0 where u1_0.role=?
Hibernate: select count(u1_0.id) from users u1_0 where u1_0.role=?
Hibernate: select count(u1_0.id) from users u1_0 where u1_0.role=? and u1_0.status=?
Hibernate: select count(*) from reports r1_0
Hibernate: select c1_0.id,c1_0.created_at,c1_0.reason,c1_0.reporter_id,c1_0.status,c1_0.target_user_id from complaints c1_0
Hibernate: select count(u1_0.id) from users u1_0 where u1_0.role=?
Hibernate: select count(u1_0.id) from users u1_0 where u1_0.role=?
Hibernate: select count(u1_0.id) from users u1_0 where u1_0.role=? and u1_0.status=?
Hibernate: select count(*) from reports r1_0
Hibernate: select c1_0.id,c1_0.created_at,c1_0.reason,c1_0.reporter_id,c1_0.status,c1_0.target_user_id from complaints c1_0
Hibernate: select u1_0.id,u1_0.banned,u1_0.created_at,u1_0.email,u1_0.id_document,u1_0.name,u1_0.online,u1_0.password,u1_0.practice_license,u1_0.role,u1_0.specialty_certificate,u1_0.status from users u1_0
Hibernate: select u1_0.id,u1_0.banned,u1_0.created_at,u1_0.email,u1_0.id_document,u1_0.name,u1_0.online,u1_0.password,u1_0.practice_license,u1_0.role,u1_0.specialty_certificate,u1_0.status from users u1_0
Hibernate: select r1_0.id,r1_0.confidence,r1_0.created_at,r1_0.diagnosis,r1_0.doctor_id,r1_0.image_data,r1_0.patient_id,r1_0.recommendation,r1_0.status,r1_0.type from reports r1_0 order by r1_0.created_at desc
Hibernate: select r1_0.id,r1_0.confidence,r1_0.created_at,r1_0.diagnosis,r1_0.doctor_id,r1_0.image_data,r1_0.patient_id,r1_0.recommendation,r1_0.status,r1_0.type from reports r1_0 order by r1_0.created_at desc
Hibernate: select c1_0.id,c1_0.created_at,c1_0.reason,c1_0.reporter_id,c1_0.status,c1_0.target_user_id from complaints c1_0 order by c1_0.created_at desc
Hibernate: select c1_0.id,c1_0.created_at,c1_0.reason,c1_0.reporter_id,c1_0.status,c1_0.target_user_id from complaints c1_0 order by c1_0.created_at desc
Hibernate: select u1_0.id,u1_0.banned,u1_0.created_at,u1_0.email,u1_0.id_document,u1_0.name,u1_0.online,u1_0.password,u1_0.practice_license,u1_0.role,u1_0.specialty_certificate,u1_0.status from users u1_0
Hibernate: select u1_0.id,u1_0.banned,u1_0.created_at,u1_0.email,u1_0.id_document,u1_0.name,u1_0.online,u1_0.password,u1_0.practice_license,u1_0.role,u1_0.specialty_certificate,u1_0.status from users u1_0
Hibernate: select r1_0.id,r1_0.confidence,r1_0.created_at,r1_0.diagnosis,r1_0.doctor_id,r1_0.image_data,r1_0.patient_id,r1_0.recommendation,r1_0.status,r1_0.type from reports r1_0 order by r1_0.created_at desc
Hibernate: select r1_0.id,r1_0.confidence,r1_0.created_at,r1_0.diagnosis,r1_0.doctor_id,r1_0.image_data,r1_0.patient_id,r1_0.recommendation,r1_0.status,r1_0.type from reports r1_0 order by r1_0.created_at desc
Hibernate: select u1_0.id,u1_0.banned,u1_0.created_at,u1_0.email,u1_0.id_document,u1_0.name,u1_0.online,u1_0.password,u1_0.practice_license,u1_0.role,u1_0.specialty_certificate,u1_0.status from users u1_0
Hibernate: select u1_0.id,u1_0.banned,u1_0.created_at,u1_0.email,u1_0.id_document,u1_0.name,u1_0.online,u1_0.password,u1_0.practice_license,u1_0.role,u1_0.specialty_certificate,u1_0.status from users u1_0
Hibernate: select count(u1_0.id) from users u1_0 where u1_0.role=?
Hibernate: select count(u1_0.id) from users u1_0 where u1_0.role=?
Hibernate: select count(u1_0.id) from users u1_0 where u1_0.role=? and u1_0.status=?
Hibernate: select count(*) from reports r1_0
Hibernate: select c1_0.id,c1_0.created_at,c1_0.reason,c1_0.reporter_id,c1_0.status,c1_0.target_user_id from complaints c1_0
Hibernate: select count(u1_0.id) from users u1_0 where u1_0.role=?
Hibernate: select count(u1_0.id) from users u1_0 where u1_0.role=?
Hibernate: select count(u1_0.id) from users u1_0 where u1_0.role=? and u1_0.status=?
Hibernate: select count(*) from reports r1_0
Hibernate: select c1_0.id,c1_0.created_at,c1_0.reason,c1_0.reporter_id,c1_0.status,c1_0.target_user_id from complaints c1_0
Hibernate: select u1_0.id,u1_0.banned,u1_0.created_at,u1_0.email,u1_0.id_document,u1_0.name,u1_0.online,u1_0.password,u1_0.practice_license,u1_0.role,u1_0.specialty_certificate,u1_0.status from users u1_0 where u1_0.id=?
Hibernate: update users set banned=?,created_at=?,email=?,id_document=?,name=?,online=?,password=?,practice_license=?,role=?,specialty_certificate=?,status=? where id=?
Hibernate: select u1_0.id,u1_0.banned,u1_0.created_at,u1_0.email,u1_0.id_document,u1_0.name,u1_0.online,u1_0.password,u1_0.practice_license,u1_0.role,u1_0.specialty_certificate,u1_0.status from users u1_0 where u1_0.email=?
Hibernate: select count(u1_0.id) from users u1_0 where u1_0.role=?
Hibernate: select count(u1_0.id) from users u1_0 where u1_0.role=?
Hibernate: select u1_0.id,u1_0.banned,u1_0.created_at,u1_0.email,u1_0.id_document,u1_0.name,u1_0.online,u1_0.password,u1_0.practice_license,u1_0.role,u1_0.specialty_certificate,u1_0.status from users u1_0 where u1_0.id=?
Hibernate: select count(u1_0.id) from users u1_0 where u1_0.role=? and u1_0.status=?
Hibernate: select count(*) from reports r1_0
Hibernate: update users set banned=?,created_at=?,email=?,id_document=?,name=?,online=?,password=?,practice_license=?,role=?,specialty_certificate=?,status=? where id=?
Hibernate: select c1_0.id,c1_0.created_at,c1_0.reason,c1_0.reporter_id,c1_0.status,c1_0.target_user_id from complaints c1_0
Hibernate: select count(u1_0.id) from users u1_0 where u1_0.role=?
Hibernate: select count(u1_0.id) from users u1_0 where u1_0.role=?
Hibernate: select count(u1_0.id) from users u1_0 where u1_0.role=? and u1_0.status=?
Hibernate: select count(*) from reports r1_0
Hibernate: select c1_0.id,c1_0.created_at,c1_0.reason,c1_0.reporter_id,c1_0.status,c1_0.target_user_id from complaints c1_0
Hibernate: select u1_0.id,u1_0.banned,u1_0.created_at,u1_0.email,u1_0.id_document,u1_0.name,u1_0.online,u1_0.password,u1_0.practice_license,u1_0.role,u1_0.specialty_certificate,u1_0.status from users u1_0
Hibernate: select u1_0.id,u1_0.banned,u1_0.created_at,u1_0.email,u1_0.id_document,u1_0.name,u1_0.online,u1_0.password,u1_0.practice_license,u1_0.role,u1_0.specialty_certificate,u1_0.status from users u1_0
Hibernate: select u1_0.id,u1_0.banned,u1_0.created_at,u1_0.email,u1_0.id_document,u1_0.name,u1_0.online,u1_0.password,u1_0.practice_license,u1_0.role,u1_0.specialty_certificate,u1_0.status from users u1_0 where u1_0.id=?
Hibernate: update users set banned=?,created_at=?,email=?,id_document=?,name=?,online=?,password=?,practice_license=?,role=?,specialty_certificate=?,status=? where id=?
Hibernate: select u1_0.id,u1_0.banned,u1_0.created_at,u1_0.email,u1_0.id_document,u1_0.name,u1_0.online,u1_0.password,u1_0.practice_license,u1_0.role,u1_0.specialty_certificate,u1_0.status from users u1_0 where u1_0.id=?
Hibernate: update users set banned=?,created_at=?,email=?,id_document=?,name=?,online=?,password=?,practice_license=?,role=?,specialty_certificate=?,status=? where id=?
Hibernate: select r1_0.id,r1_0.confidence,r1_0.created_at,r1_0.diagnosis,r1_0.doctor_id,r1_0.image_data,r1_0.patient_id,r1_0.recommendation,r1_0.status,r1_0.type from reports r1_0 order by r1_0.created_at desc
Hibernate: select r1_0.id,r1_0.confidence,r1_0.created_at,r1_0.diagnosis,r1_0.doctor_id,r1_0.image_data,r1_0.patient_id,r1_0.recommendation,r1_0.status,r1_0.type from reports r1_0 order by r1_0.created_at desc
Hibernate: select u1_0.id,u1_0.banned,u1_0.created_at,u1_0.email,u1_0.id_document,u1_0.name,u1_0.online,u1_0.password,u1_0.practice_license,u1_0.role,u1_0.specialty_certificate,u1_0.status from users u1_0
Hibernate: select u1_0.id,u1_0.banned,u1_0.created_at,u1_0.email,u1_0.id_document,u1_0.name,u1_0.online,u1_0.password,u1_0.practice_license,u1_0.role,u1_0.specialty_certificate,u1_0.status from users u1_0
Hibernate: select count(u1_0.id) from users u1_0 where u1_0.role=?
Hibernate: select count(u1_0.id) from users u1_0 where u1_0.role=?
Hibernate: select count(u1_0.id) from users u1_0 where u1_0.role=? and u1_0.status=?
Hibernate: select count(*) from reports r1_0
Hibernate: select c1_0.id,c1_0.created_at,c1_0.reason,c1_0.reporter_id,c1_0.status,c1_0.target_user_id from complaints c1_0
Hibernate: select count(u1_0.id) from users u1_0 where u1_0.role=?
Hibernate: select count(u1_0.id) from users u1_0 where u1_0.role=?
Hibernate: select count(u1_0.id) from users u1_0 where u1_0.role=? and u1_0.status=?
Hibernate: select count(*) from reports r1_0
Hibernate: select c1_0.id,c1_0.created_at,c1_0.reason,c1_0.reporter_id,c1_0.status,c1_0.target_user_id from complaints c1_0
Hibernate: select u1_0.id,u1_0.banned,u1_0.created_at,u1_0.email,u1_0.id_document,u1_0.name,u1_0.online,u1_0.password,u1_0.practice_license,u1_0.role,u1_0.specialty_certificate,u1_0.status from users u1_0
Hibernate: select u1_0.id,u1_0.banned,u1_0.created_at,u1_0.email,u1_0.id_document,u1_0.name,u1_0.online,u1_0.password,u1_0.practice_license,u1_0.role,u1_0.specialty_certificate,u1_0.status from users u1_0
Hibernate: select r1_0.id,r1_0.confidence,r1_0.created_at,r1_0.diagnosis,r1_0.doctor_id,r1_0.image_data,r1_0.patient_id,r1_0.recommendation,r1_0.status,r1_0.type from reports r1_0 order by r1_0.created_at desc
Hibernate: select r1_0.id,r1_0.confidence,r1_0.created_at,r1_0.diagnosis,r1_0.doctor_id,r1_0.image_data,r1_0.patient_id,r1_0.recommendation,r1_0.status,r1_0.type from reports r1_0 order by r1_0.created_at desc
Hibernate: select c1_0.id,c1_0.created_at,c1_0.reason,c1_0.reporter_id,c1_0.status,c1_0.target_user_id from complaints c1_0 order by c1_0.created_at desc
Hibernate: select c1_0.id,c1_0.created_at,c1_0.reason,c1_0.reporter_id,c1_0.status,c1_0.target_user_id from complaints c1_0 order by c1_0.created_at desc
Hibernate: select u1_0.id,u1_0.banned,u1_0.created_at,u1_0.email,u1_0.id_document,u1_0.name,u1_0.online,u1_0.password,u1_0.practice_license,u1_0.role,u1_0.specialty_certificate,u1_0.status from users u1_0 where u1_0.id=?
Hibernate: update users set banned=?,created_at=?,email=?,id_document=?,name=?,online=?,password=?,practice_license=?,role=?,specialty_certificate=?,status=? where id=?
Hibernate: select u1_0.id,u1_0.banned,u1_0.created_at,u1_0.email,u1_0.id_document,u1_0.name,u1_0.online,u1_0.password,u1_0.practice_license,u1_0.role,u1_0.specialty_certificate,u1_0.status from users u1_0 where u1_0.email=?
Hibernate: insert into users (banned,created_at,email,id_document,name,online,password,practice_license,role,specialty_certificate,status) values (?,?,?,?,?,?,?,?,?,?,?)
Hibernate: select u1_0.id,u1_0.banned,u1_0.created_at,u1_0.email,u1_0.id_document,u1_0.name,u1_0.online,u1_0.password,u1_0.practice_license,u1_0.role,u1_0.specialty_certificate,u1_0.status from users u1_0 where u1_0.email=?
Hibernate: select u1_0.id,u1_0.banned,u1_0.created_at,u1_0.email,u1_0.id_document,u1_0.name,u1_0.online,u1_0.password,u1_0.practice_license,u1_0.role,u1_0.specialty_certificate,u1_0.status from users u1_0 where u1_0.email=?
Hibernate: select count(u1_0.id) from users u1_0 where u1_0.role=?
Hibernate: select u1_0.id,u1_0.banned,u1_0.created_at,u1_0.email,u1_0.id_document,u1_0.name,u1_0.online,u1_0.password,u1_0.practice_license,u1_0.role,u1_0.specialty_certificate,u1_0.status from users u1_0 where u1_0.id=?
Hibernate: select count(u1_0.id) from users u1_0 where u1_0.role=?
Hibernate: select count(u1_0.id) from users u1_0 where u1_0.role=? and u1_0.status=?
Hibernate: update users set banned=?,created_at=?,email=?,id_document=?,name=?,online=?,password=?,practice_license=?,role=?,specialty_certificate=?,status=? where id=?
Hibernate: select count(*) from reports r1_0
Hibernate: select c1_0.id,c1_0.created_at,c1_0.reason,c1_0.reporter_id,c1_0.status,c1_0.target_user_id from complaints c1_0
Hibernate: select count(u1_0.id) from users u1_0 where u1_0.role=?
Hibernate: select count(u1_0.id) from users u1_0 where u1_0.role=?
Hibernate: select count(u1_0.id) from users u1_0 where u1_0.role=? and u1_0.status=?
Hibernate: select count(*) from reports r1_0
Hibernate: select c1_0.id,c1_0.created_at,c1_0.reason,c1_0.reporter_id,c1_0.status,c1_0.target_user_id from complaints c1_0
Hibernate: select u1_0.id,u1_0.banned,u1_0.created_at,u1_0.email,u1_0.id_document,u1_0.name,u1_0.online,u1_0.password,u1_0.practice_license,u1_0.role,u1_0.specialty_certificate,u1_0.status from users u1_0
Hibernate: select u1_0.id,u1_0.banned,u1_0.created_at,u1_0.email,u1_0.id_document,u1_0.name,u1_0.online,u1_0.password,u1_0.practice_license,u1_0.role,u1_0.specialty_certificate,u1_0.status from users u1_0
Hibernate: select u1_0.id,u1_0.banned,u1_0.created_at,u1_0.email,u1_0.id_document,u1_0.name,u1_0.online,u1_0.password,u1_0.practice_license,u1_0.role,u1_0.specialty_certificate,u1_0.status from users u1_0 where u1_0.id=?
Hibernate: select u1_0.id,u1_0.banned,u1_0.created_at,u1_0.email,u1_0.id_document,u1_0.name,u1_0.online,u1_0.password,u1_0.practice_license,u1_0.role,u1_0.specialty_certificate,u1_0.status from users u1_0 where u1_0.id=?
Hibernate: select u1_0.id,u1_0.banned,u1_0.created_at,u1_0.email,u1_0.id_document,u1_0.name,u1_0.online,u1_0.password,u1_0.practice_license,u1_0.role,u1_0.specialty_certificate,u1_0.status from users u1_0 where u1_0.id=?
Hibernate: update users set banned=?,created_at=?,email=?,id_document=?,name=?,online=?,password=?,practice_license=?,role=?,specialty_certificate=?,status=? where id=?
Hibernate: select c1_0.id,c1_0.created_at,c1_0.reason,c1_0.reporter_id,c1_0.status,c1_0.target_user_id from complaints c1_0 order by c1_0.created_at desc
Hibernate: select c1_0.id,c1_0.created_at,c1_0.reason,c1_0.reporter_id,c1_0.status,c1_0.target_user_id from complaints c1_0 order by c1_0.created_at desc
Hibernate: select r1_0.id,r1_0.confidence,r1_0.created_at,r1_0.diagnosis,r1_0.doctor_id,r1_0.image_data,r1_0.patient_id,r1_0.recommendation,r1_0.status,r1_0.type from reports r1_0 order by r1_0.created_at desc
Hibernate: select r1_0.id,r1_0.confidence,r1_0.created_at,r1_0.diagnosis,r1_0.doctor_id,r1_0.image_data,r1_0.patient_id,r1_0.recommendation,r1_0.status,r1_0.type from reports r1_0 order by r1_0.created_at desc
Hibernate: select count(u1_0.id) from users u1_0 where u1_0.role=?
Hibernate: select count(u1_0.id) from users u1_0 where u1_0.role=?
Hibernate: select count(u1_0.id) from users u1_0 where u1_0.role=? and u1_0.status=?
Hibernate: select count(*) from reports r1_0
Hibernate: select c1_0.id,c1_0.created_at,c1_0.reason,c1_0.reporter_id,c1_0.status,c1_0.target_user_id from complaints c1_0
Hibernate: select count(u1_0.id) from users u1_0 where u1_0.role=?
Hibernate: select count(u1_0.id) from users u1_0 where u1_0.role=?
Hibernate: select count(u1_0.id) from users u1_0 where u1_0.role=? and u1_0.status=?
Hibernate: select count(*) from reports r1_0
Hibernate: select c1_0.id,c1_0.created_at,c1_0.reason,c1_0.reporter_id,c1_0.status,c1_0.target_user_id from complaints c1_0
Hibernate: select r1_0.id,r1_0.confidence,r1_0.created_at,r1_0.diagnosis,r1_0.doctor_id,r1_0.image_data,r1_0.patient_id,r1_0.recommendation,r1_0.status,r1_0.type from reports r1_0 order by r1_0.created_at desc
Hibernate: select r1_0.id,r1_0.confidence,r1_0.created_at,r1_0.diagnosis,r1_0.doctor_id,r1_0.image_data,r1_0.patient_id,r1_0.recommendation,r1_0.status,r1_0.type from reports r1_0 order by r1_0.created_at desc
Hibernate: select u1_0.id,u1_0.banned,u1_0.created_at,u1_0.email,u1_0.id_document,u1_0.name,u1_0.online,u1_0.password,u1_0.practice_license,u1_0.role,u1_0.specialty_certificate,u1_0.status from users u1_0
Hibernate: select u1_0.id,u1_0.banned,u1_0.created_at,u1_0.email,u1_0.id_document,u1_0.name,u1_0.online,u1_0.password,u1_0.practice_license,u1_0.role,u1_0.specialty_certificate,u1_0.status from users u1_0
Hibernate: select u1_0.id,u1_0.banned,u1_0.created_at,u1_0.email,u1_0.id_document,u1_0.name,u1_0.online,u1_0.password,u1_0.practice_license,u1_0.role,u1_0.specialty_certificate,u1_0.status from users u1_0 where u1_0.id=?
Hibernate: select u1_0.id,u1_0.banned,u1_0.created_at,u1_0.email,u1_0.id_document,u1_0.name,u1_0.online,u1_0.password,u1_0.practice_license,u1_0.role,u1_0.specialty_certificate,u1_0.status from users u1_0 where u1_0.id=?
Hibernate: select u1_0.id,u1_0.banned,u1_0.created_at,u1_0.email,u1_0.id_document,u1_0.name,u1_0.online,u1_0.password,u1_0.practice_license,u1_0.role,u1_0.specialty_certificate,u1_0.status from users u1_0 where u1_0.id=?
Hibernate: select u1_0.id,u1_0.banned,u1_0.created_at,u1_0.email,u1_0.id_document,u1_0.name,u1_0.online,u1_0.password,u1_0.practice_license,u1_0.role,u1_0.specialty_certificate,u1_0.status from users u1_0 where u1_0.id=?
Hibernate: select u1_0.id,u1_0.banned,u1_0.created_at,u1_0.email,u1_0.id_document,u1_0.name,u1_0.online,u1_0.password,u1_0.practice_license,u1_0.role,u1_0.specialty_certificate,u1_0.status from users u1_0 where u1_0.id=?
Hibernate: update users set banned=?,created_at=?,email=?,id_document=?,name=?,online=?,password=?,practice_license=?,role=?,specialty_certificate=?,status=? where id=?
Hibernate: select u1_0.id,u1_0.banned,u1_0.created_at,u1_0.email,u1_0.id_document,u1_0.name,u1_0.online,u1_0.password,u1_0.practice_license,u1_0.role,u1_0.specialty_certificate,u1_0.status from users u1_0 where u1_0.email=?
Hibernate: select r1_0.id,r1_0.confidence,r1_0.created_at,r1_0.diagnosis,r1_0.doctor_id,r1_0.image_data,r1_0.patient_id,r1_0.recommendation,r1_0.status,r1_0.type from reports r1_0 where r1_0.patient_id=? order by r1_0.created_at desc
Hibernate: select m1_0.id,m1_0.content,m1_0.created_at,m1_0.read,m1_0.receiver_id,m1_0.sender_id from messages m1_0 where m1_0.sender_id=? or m1_0.receiver_id=? order by m1_0.created_at desc
Hibernate: select u1_0.id,u1_0.banned,u1_0.created_at,u1_0.email,u1_0.id_document,u1_0.name,u1_0.online,u1_0.password,u1_0.practice_license,u1_0.role,u1_0.specialty_certificate,u1_0.status from users u1_0 where u1_0.id=?
Hibernate: update users set banned=?,created_at=?,email=?,id_document=?,name=?,online=?,password=?,practice_license=?,role=?,specialty_certificate=?,status=? where id=?
Hibernate: select r1_0.id,r1_0.confidence,r1_0.created_at,r1_0.diagnosis,r1_0.doctor_id,r1_0.image_data,r1_0.patient_id,r1_0.recommendation,r1_0.status,r1_0.type from reports r1_0 where r1_0.patient_id=? order by r1_0.created_at desc
Hibernate: select m1_0.id,m1_0.content,m1_0.created_at,m1_0.read,m1_0.receiver_id,m1_0.sender_id from messages m1_0 where m1_0.sender_id=? or m1_0.receiver_id=? order by m1_0.created_at desc
Hibernate: select u1_0.id,u1_0.banned,u1_0.created_at,u1_0.email,u1_0.id_document,u1_0.name,u1_0.online,u1_0.password,u1_0.practice_license,u1_0.role,u1_0.specialty_certificate,u1_0.status from users u1_0 where u1_0.role=?
Hibernate: select u1_0.id,u1_0.banned,u1_0.created_at,u1_0.email,u1_0.id_document,u1_0.name,u1_0.online,u1_0.password,u1_0.practice_license,u1_0.role,u1_0.specialty_certificate,u1_0.status from users u1_0 where u1_0.role=?
Hibernate: insert into reports (confidence,created_at,diagnosis,doctor_id,image_data,patient_id,recommendation,status,type) values (?,?,?,?,?,?,?,?,?)
Hibernate: select u1_0.id,u1_0.banned,u1_0.created_at,u1_0.email,u1_0.id_document,u1_0.name,u1_0.online,u1_0.password,u1_0.practice_license,u1_0.role,u1_0.specialty_certificate,u1_0.status from users u1_0 where u1_0.role=?
Hibernate: select m1_0.id,m1_0.content,m1_0.created_at,m1_0.read,m1_0.receiver_id,m1_0.sender_id from messages m1_0 where m1_0.sender_id=? or m1_0.receiver_id=? order by m1_0.created_at desc
Hibernate: select m1_0.id,m1_0.content,m1_0.created_at,m1_0.read,m1_0.receiver_id,m1_0.sender_id from messages m1_0 where m1_0.sender_id=? or m1_0.receiver_id=? order by m1_0.created_at desc
Hibernate: select u1_0.id,u1_0.banned,u1_0.created_at,u1_0.email,u1_0.id_document,u1_0.name,u1_0.online,u1_0.password,u1_0.practice_license,u1_0.role,u1_0.specialty_certificate,u1_0.status from users u1_0 where u1_0.role=?
Hibernate: select m1_0.id,m1_0.content,m1_0.created_at,m1_0.read,m1_0.receiver_id,m1_0.sender_id from messages m1_0 where m1_0.sender_id=? or m1_0.receiver_id=? order by m1_0.created_at desc
Hibernate: select r1_0.id,r1_0.confidence,r1_0.created_at,r1_0.diagnosis,r1_0.doctor_id,r1_0.image_data,r1_0.patient_id,r1_0.recommendation,r1_0.status,r1_0.type from reports r1_0 where r1_0.patient_id=? order by r1_0.created_at desc
Hibernate: select u1_0.id,u1_0.banned,u1_0.created_at,u1_0.email,u1_0.id_document,u1_0.name,u1_0.online,u1_0.password,u1_0.practice_license,u1_0.role,u1_0.specialty_certificate,u1_0.status from users u1_0 where u1_0.role=?
Hibernate: select m1_0.id,m1_0.content,m1_0.created_at,m1_0.read,m1_0.receiver_id,m1_0.sender_id from messages m1_0 where m1_0.sender_id=? or m1_0.receiver_id=? order by m1_0.created_at desc
Hibernate: select r1_0.id,r1_0.confidence,r1_0.created_at,r1_0.diagnosis,r1_0.doctor_id,r1_0.image_data,r1_0.patient_id,r1_0.recommendation,r1_0.status,r1_0.type from reports r1_0 where r1_0.patient_id=? order by r1_0.created_at desc
Hibernate: select u1_0.id,u1_0.banned,u1_0.created_at,u1_0.email,u1_0.id_document,u1_0.name,u1_0.online,u1_0.password,u1_0.practice_license,u1_0.role,u1_0.specialty_certificate,u1_0.status from users u1_0 where u1_0.role=?
Hibernate: select m1_0.id,m1_0.content,m1_0.created_at,m1_0.read,m1_0.receiver_id,m1_0.sender_id from messages m1_0 where m1_0.sender_id=? or m1_0.receiver_id=? order by m1_0.created_at desc
Hibernate: select r1_0.id,r1_0.confidence,r1_0.created_at,r1_0.diagnosis,r1_0.doctor_id,r1_0.image_data,r1_0.patient_id,r1_0.recommendation,r1_0.status,r1_0.type from reports r1_0 where r1_0.patient_id=? order by r1_0.created_at desc
Hibernate: select u1_0.id,u1_0.banned,u1_0.created_at,u1_0.email,u1_0.id_document,u1_0.name,u1_0.online,u1_0.password,u1_0.practice_license,u1_0.role,u1_0.specialty_certificate,u1_0.status from users u1_0 where u1_0.role=?
Hibernate: select m1_0.id,m1_0.content,m1_0.created_at,m1_0.read,m1_0.receiver_id,m1_0.sender_id from messages m1_0 where m1_0.sender_id=? or m1_0.receiver_id=? order by m1_0.created_at desc
Hibernate: select u1_0.id,u1_0.banned,u1_0.created_at,u1_0.email,u1_0.id_document,u1_0.name,u1_0.online,u1_0.password,u1_0.practice_license,u1_0.role,u1_0.specialty_certificate,u1_0.status from users u1_0 where u1_0.role=?
Hibernate: select m1_0.id,m1_0.content,m1_0.created_at,m1_0.read,m1_0.receiver_id,m1_0.sender_id from messages m1_0 where m1_0.sender_id=? or m1_0.receiver_id=? order by m1_0.created_at desc
Hibernate: select u1_0.id,u1_0.banned,u1_0.created_at,u1_0.email,u1_0.id_document,u1_0.name,u1_0.online,u1_0.password,u1_0.practice_license,u1_0.role,u1_0.specialty_certificate,u1_0.status from users u1_0 where u1_0.role=?
Hibernate: select u1_0.id,u1_0.banned,u1_0.created_at,u1_0.email,u1_0.id_document,u1_0.name,u1_0.online,u1_0.password,u1_0.practice_license,u1_0.role,u1_0.specialty_certificate,u1_0.status from users u1_0 where u1_0.id=?
Hibernate: update users set banned=?,created_at=?,email=?,id_document=?,name=?,online=?,password=?,practice_license=?,role=?,specialty_certificate=?,status=? where id=?
Hibernate: select u1_0.id,u1_0.banned,u1_0.created_at,u1_0.email,u1_0.id_document,u1_0.name,u1_0.online,u1_0.password,u1_0.practice_license,u1_0.role,u1_0.specialty_certificate,u1_0.status from users u1_0 where u1_0.email=?
Hibernate: select m1_0.id,m1_0.content,m1_0.created_at,m1_0.read,m1_0.receiver_id,m1_0.sender_id from messages m1_0 where m1_0.sender_id=? or m1_0.receiver_id=? order by m1_0.created_at desc
Hibernate: select r1_0.id,r1_0.confidence,r1_0.created_at,r1_0.diagnosis,r1_0.doctor_id,r1_0.image_data,r1_0.patient_id,r1_0.recommendation,r1_0.status,r1_0.type from reports r1_0 where r1_0.doctor_id=? order by r1_0.created_at desc
Hibernate: select u1_0.id,u1_0.banned,u1_0.created_at,u1_0.email,u1_0.id_document,u1_0.name,u1_0.online,u1_0.password,u1_0.practice_license,u1_0.role,u1_0.specialty_certificate,u1_0.status from users u1_0 where u1_0.id=?
Hibernate: select m1_0.id,m1_0.content,m1_0.created_at,m1_0.read,m1_0.receiver_id,m1_0.sender_id from messages m1_0 where m1_0.sender_id=? or m1_0.receiver_id=? order by m1_0.created_at desc
Hibernate: update users set banned=?,created_at=?,email=?,id_document=?,name=?,online=?,password=?,practice_license=?,role=?,specialty_certificate=?,status=? where id=?
Hibernate: select r1_0.id,r1_0.confidence,r1_0.created_at,r1_0.diagnosis,r1_0.doctor_id,r1_0.image_data,r1_0.patient_id,r1_0.recommendation,r1_0.status,r1_0.type from reports r1_0 where r1_0.doctor_id=? order by r1_0.created_at desc
Hibernate: insert into messages (content,created_at,read,receiver_id,sender_id) values (?,?,?,?,?)
Hibernate: select r1_0.id,r1_0.confidence,r1_0.created_at,r1_0.diagnosis,r1_0.doctor_id,r1_0.image_data,r1_0.patient_id,r1_0.recommendation,r1_0.status,r1_0.type from reports r1_0 where r1_0.doctor_id=? order by r1_0.created_at desc
Hibernate: select m1_0.id,m1_0.content,m1_0.created_at,m1_0.read,m1_0.receiver_id,m1_0.sender_id from messages m1_0 where m1_0.sender_id=? or m1_0.receiver_id=? order by m1_0.created_at desc
Hibernate: select u1_0.id,u1_0.banned,u1_0.created_at,u1_0.email,u1_0.id_document,u1_0.name,u1_0.online,u1_0.password,u1_0.practice_license,u1_0.role,u1_0.specialty_certificate,u1_0.status from users u1_0 where u1_0.role=?
Hibernate: select u1_0.id,u1_0.banned,u1_0.created_at,u1_0.email,u1_0.id_document,u1_0.name,u1_0.online,u1_0.password,u1_0.practice_license,u1_0.role,u1_0.specialty_certificate,u1_0.status from users u1_0 where u1_0.role=?
Hibernate: select m1_0.id,m1_0.content,m1_0.created_at,m1_0.read,m1_0.receiver_id,m1_0.sender_id from messages m1_0 where m1_0.sender_id=? or m1_0.receiver_id=? order by m1_0.created_at desc
Hibernate: select r1_0.id,r1_0.confidence,r1_0.created_at,r1_0.diagnosis,r1_0.doctor_id,r1_0.image_data,r1_0.patient_id,r1_0.recommendation,r1_0.status,r1_0.type from reports r1_0 where r1_0.doctor_id=? order by r1_0.created_at desc
Hibernate: select r1_0.id,r1_0.confidence,r1_0.created_at,r1_0.diagnosis,r1_0.doctor_id,r1_0.image_data,r1_0.patient_id,r1_0.recommendation,r1_0.status,r1_0.type from reports r1_0 where r1_0.doctor_id=? order by r1_0.created_at desc
Hibernate: select r1_0.id,r1_0.confidence,r1_0.created_at,r1_0.diagnosis,r1_0.doctor_id,r1_0.image_data,r1_0.patient_id,r1_0.recommendation,r1_0.status,r1_0.type from reports r1_0 where r1_0.doctor_id=? order by r1_0.created_at desc
Hibernate: insert into complaints (created_at,reason,reporter_id,status,target_user_id) values (?,?,?,?,?)
Hibernate: select m1_0.id,m1_0.content,m1_0.created_at,m1_0.read,m1_0.receiver_id,m1_0.sender_id from messages m1_0 where m1_0.sender_id=? or m1_0.receiver_id=? order by m1_0.created_at desc
Hibernate: select u1_0.id,u1_0.banned,u1_0.created_at,u1_0.email,u1_0.id_document,u1_0.name,u1_0.online,u1_0.password,u1_0.practice_license,u1_0.role,u1_0.specialty_certificate,u1_0.status from users u1_0 where u1_0.role=?
Hibernate: select r1_0.id,r1_0.confidence,r1_0.created_at,r1_0.diagnosis,r1_0.doctor_id,r1_0.image_data,r1_0.patient_id,r1_0.recommendation,r1_0.status,r1_0.type from reports r1_0 where r1_0.doctor_id=? order by r1_0.created_at desc
Hibernate: select u1_0.id,u1_0.banned,u1_0.created_at,u1_0.email,u1_0.id_document,u1_0.name,u1_0.online,u1_0.password,u1_0.practice_license,u1_0.role,u1_0.specialty_certificate,u1_0.status from users u1_0 where u1_0.role=?
Hibernate: select m1_0.id,m1_0.content,m1_0.created_at,m1_0.read,m1_0.receiver_id,m1_0.sender_id from messages m1_0 where m1_0.sender_id=? or m1_0.receiver_id=? order by m1_0.created_at desc
Hibernate: select r1_0.id,r1_0.confidence,r1_0.created_at,r1_0.diagnosis,r1_0.doctor_id,r1_0.image_data,r1_0.patient_id,r1_0.recommendation,r1_0.status,r1_0.type from reports r1_0 where r1_0.doctor_id=? order by r1_0.created_at desc
Hibernate: select u1_0.id,u1_0.banned,u1_0.created_at,u1_0.email,u1_0.id_document,u1_0.name,u1_0.online,u1_0.password,u1_0.practice_license,u1_0.role,u1_0.specialty_certificate,u1_0.status from users u1_0 where u1_0.id=?
Hibernate: update users set banned=?,created_at=?,email=?,id_document=?,name=?,online=?,password=?,practice_license=?,role=?,specialty_certificate=?,status=? where id=?
Hibernate: select u1_0.id,u1_0.banned,u1_0.created_at,u1_0.email,u1_0.id_document,u1_0.name,u1_0.online,u1_0.password,u1_0.practice_license,u1_0.role,u1_0.specialty_certificate,u1_0.status from users u1_0 where u1_0.email=?
Hibernate: select count(u1_0.id) from users u1_0 where u1_0.role=?
Hibernate: select count(u1_0.id) from users u1_0 where u1_0.role=?
Hibernate: select u1_0.id,u1_0.banned,u1_0.created_at,u1_0.email,u1_0.id_document,u1_0.name,u1_0.online,u1_0.password,u1_0.practice_license,u1_0.role,u1_0.specialty_certificate,u1_0.status from users u1_0 where u1_0.id=?
Hibernate: select count(u1_0.id) from users u1_0 where u1_0.role=? and u1_0.status=?
Hibernate: select count(*) from reports r1_0
Hibernate: update users set banned=?,created_at=?,email=?,id_document=?,name=?,online=?,password=?,practice_license=?,role=?,specialty_certificate=?,status=? where id=?
Hibernate: select c1_0.id,c1_0.created_at,c1_0.reason,c1_0.reporter_id,c1_0.status,c1_0.target_user_id from complaints c1_0
Hibernate: select count(u1_0.id) from users u1_0 where u1_0.role=?
Hibernate: select count(u1_0.id) from users u1_0 where u1_0.role=?
Hibernate: select count(u1_0.id) from users u1_0 where u1_0.role=? and u1_0.status=?
Hibernate: select count(*) from reports r1_0
Hibernate: select c1_0.id,c1_0.created_at,c1_0.reason,c1_0.reporter_id,c1_0.status,c1_0.target_user_id from complaints c1_0
Hibernate: select c1_0.id,c1_0.created_at,c1_0.reason,c1_0.reporter_id,c1_0.status,c1_0.target_user_id from complaints c1_0 order by c1_0.created_at desc
Hibernate: select u1_0.id,u1_0.banned,u1_0.created_at,u1_0.email,u1_0.id_document,u1_0.name,u1_0.online,u1_0.password,u1_0.practice_license,u1_0.role,u1_0.specialty_certificate,u1_0.status from users u1_0 where u1_0.id=?
Hibernate: select u1_0.id,u1_0.banned,u1_0.created_at,u1_0.email,u1_0.id_document,u1_0.name,u1_0.online,u1_0.password,u1_0.practice_license,u1_0.role,u1_0.specialty_certificate,u1_0.status from users u1_0 where u1_0.id=?
Hibernate: select c1_0.id,c1_0.created_at,c1_0.reason,c1_0.reporter_id,c1_0.status,c1_0.target_user_id from complaints c1_0 order by c1_0.created_at desc
Hibernate: select u1_0.id,u1_0.banned,u1_0.created_at,u1_0.email,u1_0.id_document,u1_0.name,u1_0.online,u1_0.password,u1_0.practice_license,u1_0.role,u1_0.specialty_certificate,u1_0.status from users u1_0 where u1_0.id=?
Hibernate: select u1_0.id,u1_0.banned,u1_0.created_at,u1_0.email,u1_0.id_document,u1_0.name,u1_0.online,u1_0.password,u1_0.practice_license,u1_0.role,u1_0.specialty_certificate,u1_0.status from users u1_0 where u1_0.id=?
Hibernate: select u1_0.id,u1_0.banned,u1_0.created_at,u1_0.email,u1_0.id_document,u1_0.name,u1_0.online,u1_0.password,u1_0.practice_license,u1_0.role,u1_0.specialty_certificate,u1_0.status from users u1_0 where u1_0.id=?
Hibernate: update users set banned=?,created_at=?,email=?,id_document=?,name=?,online=?,password=?,practice_license=?,role=?,specialty_certificate=?,status=? where id=?
Hibernate: select c1_0.id,c1_0.created_at,c1_0.reason,c1_0.reporter_id,c1_0.status,c1_0.target_user_id from complaints c1_0 where c1_0.id=?
Hibernate: update complaints set created_at=?,reason=?,reporter_id=?,status=?,target_user_id=? where id=?
Hibernate: select u1_0.id,u1_0.banned,u1_0.created_at,u1_0.email,u1_0.id_document,u1_0.name,u1_0.online,u1_0.password,u1_0.practice_license,u1_0.role,u1_0.specialty_certificate,u1_0.status from users u1_0 where u1_0.id=?
Hibernate: update users set banned=?,created_at=?,email=?,id_document=?,name=?,online=?,password=?,practice_license=?,role=?,specialty_certificate=?,status=? where id=?
Hibernate: select u1_0.id,u1_0.banned,u1_0.created_at,u1_0.email,u1_0.id_document,u1_0.name,u1_0.online,u1_0.password,u1_0.practice_license,u1_0.role,u1_0.specialty_certificate,u1_0.status from users u1_0 where u1_0.email=?
